// Jest Snapshot v1, https://goo.gl/fbAQLP

exports[`DragonswapV2Factory #createPool gas 1`] = `4557092`;

exports[`DragonswapV2Factory factory bytecode size 1`] = `24535`;

exports[`DragonswapV2Factory pool bytecode size 1`] = `22142`;
